<?xml version="1.0" encoding="UTF-8"?>
<testsuites name="jest tests" tests="2" failures="0" time="2.483">
  <testsuite name="Wizard" errors="0" failures="0" skipped="0" timestamp="2020-04-07T11:58:58" time="1.733" tests="2">
    <testcase classname="Wizard should render wizard with the first step as the current step by default" name="Wizard should render wizard with the first step as the current step by default" time="0.011">
    </testcase>
    <testcase classname="Wizard should render wizard with the given step as the current step" name="Wizard should render wizard with the given step as the current step" time="0.002">
    </testcase>
  </testsuite>
</testsuites>